../DISPLAY/HARDWARE/LCD/lcd.c:84:5:LCD_read	16	static
../DISPLAY/HARDWARE/LCD/lcd.c:98:6:LCD_WR_REG	16	static
../DISPLAY/HARDWARE/LCD/lcd.c:116:6:LCD_WR_DATA	16	static
../DISPLAY/HARDWARE/LCD/lcd.c:134:5:LCD_RD_DATA	8	static
../DISPLAY/HARDWARE/LCD/lcd.c:147:6:LCD_WriteReg	16	static
../DISPLAY/HARDWARE/LCD/lcd.c:167:6:LCD_ReadReg	32	static
../DISPLAY/HARDWARE/LCD/lcd.c:188:6:LCD_WriteRAM_Prepare	8	static
../DISPLAY/HARDWARE/LCD/lcd.c:200:6:LCD_ReadRAM_Prepare	8	static
../DISPLAY/HARDWARE/LCD/lcd.c:212:6:Lcd_WriteData_16Bit	16	static
../DISPLAY/HARDWARE/LCD/lcd.c:222:5:Color_To_565	16	static
../DISPLAY/HARDWARE/LCD/lcd.c:234:5:Lcd_ReadData_16Bit	16	static
../DISPLAY/HARDWARE/LCD/lcd.c:267:6:LCD_DrawPoint	16	static
../DISPLAY/HARDWARE/LCD/lcd.c:281:5:LCD_ReadPoint	24	static
../DISPLAY/HARDWARE/LCD/lcd.c:301:6:LCD_Clear	24	static
../DISPLAY/HARDWARE/LCD/lcd.c:325:6:LCD_MPU_Config	24	static
../DISPLAY/HARDWARE/LCD/lcd.c:434:6:LCD_FSMC_Write_Time_Set	8	static
../DISPLAY/HARDWARE/LCD/lcd.c:449:6:LCD_RESET	8	static
../DISPLAY/HARDWARE/LCD/lcd.c:464:6:LCD_Init	72	static
../DISPLAY/HARDWARE/LCD/lcd.c:941:6:LCD_SetWindows	24	static
../DISPLAY/HARDWARE/LCD/lcd.c:963:6:LCD_SetCursor	16	static
../DISPLAY/HARDWARE/LCD/lcd.c:978:6:LCD_direction	16	static
../DISPLAY/HARDWARE/LCD/lcd.c:1016:5:LCD_Read_ID	16	static
