../DISPLAY/USER/GUI.c:85:6:GUI_DrawPoint	16	static
../DISPLAY/USER/GUI.c:102:6:LCD_Fill	32	static
../DISPLAY/USER/GUI.c:126:6:LCD_DrawLine	64	static
../DISPLAY/USER/GUI.c:172:6:LCD_DrawRectangle	24	static
../DISPLAY/USER/GUI.c:190:6:LCD_DrawFillRectangle	32	static
../DISPLAY/USER/GUI.c:206:6:_draw_circle_8	24	static
../DISPLAY/USER/GUI.c:235:6:gui_circle	48	static
../DISPLAY/USER/GUI.c:285:6:Draw_Triangel	24	static
../DISPLAY/USER/GUI.c:292:13:_swap	24	static
../DISPLAY/USER/GUI.c:312:6:Fill_Triangel	72	static
../DISPLAY/USER/GUI.c:411:6:LCD_ShowChar	32	static
../DISPLAY/USER/GUI.c:463:6:LCD_ShowString	48	static
../DISPLAY/USER/GUI.c:483:5:mypow	24	static
../DISPLAY/USER/GUI.c:501:6:LCD_ShowNum	56	static
../DISPLAY/USER/GUI.c:533:6:GUI_DrawFont16	32	static
../DISPLAY/USER/GUI.c:592:6:GUI_DrawFont24	32	static
../DISPLAY/USER/GUI.c:648:6:GUI_DrawFont32	32	static
../DISPLAY/USER/GUI.c:704:6:Show_Str	48	static
../DISPLAY/USER/GUI.c:770:6:Gui_StrCenter	48	static
../DISPLAY/USER/GUI.c:786:6:Gui_Drawbmp16	32	static
