C:\Workspace\STM32DISPLAYSECONDTRY\lvgl\src\stdlib\../../../lvgl/src/stdlib/lv_string.h:73:20:lv_memzero	16	static
../lvgl/src/indev/../../../lvgl/src/indev/../../../lvgl/src/core/../../../lvgl/src/core/../../../lvgl/src/core/lv_obj_style_gen.h:112:23:lv_obj_get_style_transform_scale_x	24	static
../lvgl/src/indev/../../../lvgl/src/indev/../../../lvgl/src/core/../../../lvgl/src/core/../../../lvgl/src/core/lv_obj_style_gen.h:118:23:lv_obj_get_style_transform_scale_y	24	static
../lvgl/src/indev/../../../lvgl/src/indev/../../../lvgl/src/core/../../../lvgl/src/core/../../../lvgl/src/core/lv_obj_style_gen.h:124:23:lv_obj_get_style_transform_rotation	24	static
../lvgl/src/indev/../../../lvgl/src/indev/../../../lvgl/src/core/../../../lvgl/src/core/../../../lvgl/src/core/lv_obj_style_gen.h:706:24:lv_obj_get_style_rotary_sensitivity	24	static
../lvgl/src/indev/../../../lvgl/src/indev/../../../lvgl/src/core/../../../lvgl/src/core/lv_obj_style.h:358:23:lv_obj_get_style_transform_scale_x_safe	24	static
../lvgl/src/indev/../../../lvgl/src/indev/../../../lvgl/src/core/../../../lvgl/src/core/lv_obj_style.h:364:23:lv_obj_get_style_transform_scale_y_safe	24	static
../lvgl/src/indev/lv_indev.c:89:20:indev_scroll_throw_anim_reset	16	static
../lvgl/src/indev/lv_indev.c:115:14:lv_indev_create	16	static
../lvgl/src/indev/lv_indev.c:153:6:lv_indev_delete	16	static
../lvgl/src/indev/lv_indev.c:170:14:lv_indev_get_next	16	static
../lvgl/src/indev/lv_indev.c:178:6:indev_read_core	16	static
../lvgl/src/indev/lv_indev.c:212:6:lv_indev_read_timer_cb	16	static
../lvgl/src/indev/lv_indev.c:217:6:lv_indev_read	88	static
../lvgl/src/indev/lv_indev.c:286:6:lv_indev_enable	24	static
../lvgl/src/indev/lv_indev.c:300:14:lv_indev_active	4	static
../lvgl/src/indev/lv_indev.c:305:6:lv_indev_set_type	16	static
../lvgl/src/indev/lv_indev.c:313:6:lv_indev_set_read_cb	16	static
../lvgl/src/indev/lv_indev.c:320:6:lv_indev_set_user_data	16	static
../lvgl/src/indev/lv_indev.c:326:6:lv_indev_set_driver_data	16	static
../lvgl/src/indev/lv_indev.c:332:20:lv_indev_get_read_cb	16	static
../lvgl/src/indev/lv_indev.c:342:17:lv_indev_get_type	16	static
../lvgl/src/indev/lv_indev.c:349:18:lv_indev_get_state	16	static
../lvgl/src/indev/lv_indev.c:356:14:lv_indev_get_group	16	static
../lvgl/src/indev/lv_indev.c:363:16:lv_indev_get_display	16	static
../lvgl/src/indev/lv_indev.c:370:6:lv_indev_set_display	16	static
../lvgl/src/indev/lv_indev.c:377:6:lv_indev_set_long_press_time	16	static
../lvgl/src/indev/lv_indev.c:384:6:lv_indev_set_long_press_repeat_time	16	static
../lvgl/src/indev/lv_indev.c:391:6:lv_indev_set_scroll_limit	16	static
../lvgl/src/indev/lv_indev.c:398:6:lv_indev_set_scroll_throw	16	static
../lvgl/src/indev/lv_indev.c:405:8:lv_indev_get_user_data	16	static
../lvgl/src/indev/lv_indev.c:411:8:lv_indev_get_driver_data	16	static
../lvgl/src/indev/lv_indev.c:418:6:lv_indev_get_press_moved	16	static
../lvgl/src/indev/lv_indev.c:425:6:lv_indev_reset	24	static
../lvgl/src/indev/lv_indev.c:440:6:lv_indev_stop_processing	16	static
../lvgl/src/indev/lv_indev.c:446:6:lv_indev_reset_long_press	16	static
../lvgl/src/indev/lv_indev.c:452:6:lv_indev_set_cursor	24	static
../lvgl/src/indev/lv_indev.c:463:6:lv_indev_set_group	16	static
../lvgl/src/indev/lv_indev.c:470:6:lv_indev_set_button_points	16	static
../lvgl/src/indev/lv_indev.c:477:6:lv_indev_get_point	16	static
../lvgl/src/indev/lv_indev.c:493:10:lv_indev_get_gesture_dir	16	static
../lvgl/src/indev/lv_indev.c:498:10:lv_indev_get_key	24	static
../lvgl/src/indev/lv_indev.c:508:9:lv_indev_get_short_click_streak	16	static
../lvgl/src/indev/lv_indev.c:513:10:lv_indev_get_scroll_dir	16	static
../lvgl/src/indev/lv_indev.c:520:12:lv_indev_get_scroll_obj	16	static
../lvgl/src/indev/lv_indev.c:527:6:lv_indev_get_vect	16	static
../lvgl/src/indev/lv_indev.c:540:12:lv_indev_get_cursor	16	static
../lvgl/src/indev/lv_indev.c:546:6:lv_indev_wait_release	16	static
../lvgl/src/indev/lv_indev.c:552:12:lv_indev_get_active_obj	4	static
../lvgl/src/indev/lv_indev.c:557:14:lv_indev_get_read_timer	16	static
../lvgl/src/indev/lv_indev.c:567:17:lv_indev_get_mode	16	static
../lvgl/src/indev/lv_indev.c:573:6:lv_indev_set_mode	16	static
../lvgl/src/indev/lv_indev.c:591:12:lv_indev_search_obj	72	static
../lvgl/src/indev/lv_indev.c:627:6:lv_indev_add_event_cb	24	static
../lvgl/src/indev/lv_indev.c:634:10:lv_indev_get_event_count	16	static
../lvgl/src/indev/lv_indev.c:640:18:lv_indev_get_event_dsc	16	static
../lvgl/src/indev/lv_indev.c:647:6:lv_indev_remove_event	16	static
../lvgl/src/indev/lv_indev.c:654:10:lv_indev_remove_event_cb_with_user_data	40	static
../lvgl/src/indev/lv_indev.c:673:13:lv_indev_send_event	24	static
../lvgl/src/indev/lv_indev.c:678:6:lv_indev_set_key_remap_cb	16	static
../lvgl/src/indev/lv_indev.c:697:13:indev_pointer_proc	24	static
../lvgl/src/indev/lv_indev.c:765:13:indev_keypad_proc	32	static
../lvgl/src/indev/lv_indev.c:914:13:indev_encoder_proc	40	static
../lvgl/src/indev/lv_indev.c:1143:13:indev_button_proc	24	static
../lvgl/src/indev/lv_indev.c:1199:16:indev_scroll_throw_decay	16	static
../lvgl/src/indev/lv_indev.c:1210:13:indev_proc_press	40	static
../lvgl/src/indev/lv_indev.c:1413:13:indev_proc_release	80	static
../lvgl/src/indev/lv_indev.c:1545:20:indev_proc_short_click	32	static
../lvgl/src/indev/lv_indev.c:1579:13:indev_proc_pointer_diff	56	static
../lvgl/src/indev/lv_indev.c:1613:19:pointer_search_obj	16	static
../lvgl/src/indev/lv_indev.c:1636:13:indev_proc_reset_query_handler	16	static
../lvgl/src/indev/lv_indev.c:1665:13:indev_click_focus	24	static
../lvgl/src/indev/lv_indev.c:1733:6:indev_gesture	24	static
../lvgl/src/indev/lv_indev.c:1788:13:indev_reset_check	16	static
../lvgl/src/indev/lv_indev.c:1802:13:indev_stop_processing_check	16	static
../lvgl/src/indev/lv_indev.c:1812:13:indev_reset_core	24	static
../lvgl/src/indev/lv_indev.c:1852:20:send_event	24	static
../lvgl/src/indev/lv_indev.c:1879:13:indev_scroll_throw_anim_cb	24	static
../lvgl/src/indev/lv_indev.c:1895:13:indev_scroll_throw_anim_completed_cb	16	static
../lvgl/src/indev/lv_indev.c:1902:13:indev_scroll_throw_anim_start	112	static
