../DISPLAY/HARDWARE/TOUCH/touch.c:105:6:TP_Write_Byte	24	static
../DISPLAY/HARDWARE/TOUCH/touch.c:126:5:TP_Read_AD	24	static
../DISPLAY/HARDWARE/TOUCH/touch.c:168:5:TP_Read_XOY	48	static
../DISPLAY/HARDWARE/TOUCH/touch.c:202:4:TP_Read_XY	24	static
../DISPLAY/HARDWARE/TOUCH/touch.c:225:4:TP_Read_XY2	32	static
../DISPLAY/HARDWARE/TOUCH/touch.c:253:6:TP_Drow_Touch_Point	24	static
../DISPLAY/HARDWARE/TOUCH/touch.c:274:6:TP_Draw_Big_Point	16	static
../DISPLAY/HARDWARE/TOUCH/touch.c:293:4:TP_Scan	16	static
../DISPLAY/HARDWARE/TOUCH/touch.c:335:6:TP_Save_Adjdata	16	static
../DISPLAY/HARDWARE/TOUCH/touch.c:361:4:TP_Get_Adjdata	16	static
../DISPLAY/HARDWARE/TOUCH/touch.c:408:6:TP_Adj_Info_Show	32	static
../DISPLAY/HARDWARE/TOUCH/touch.c:446:6:TP_Adjust	88	static
../DISPLAY/HARDWARE/TOUCH/touch.c:621:4:TP_Init	8	static
