../Core/Src/stm32h7xx_hal_msp.c:63:6:HAL_MspInit	16	static
../Core/Src/stm32h7xx_hal_msp.c:87:6:HAL_DMA2D_MspInit	24	static
../Core/Src/stm32h7xx_hal_msp.c:113:6:HAL_DMA2D_MspDeInit	16	static
../Core/Src/stm32h7xx_hal_msp.c:138:6:HAL_I2C_MspInit	232	static
../Core/Src/stm32h7xx_hal_msp.c:185:6:HAL_I2C_MspDeInit	16	static
../Core/Src/stm32h7xx_hal_msp.c:216:6:HAL_TIM_Encoder_MspInit	48	static
../Core/Src/stm32h7xx_hal_msp.c:253:6:HAL_TIM_Encoder_MspDeInit	16	static
../Core/Src/stm32h7xx_hal_msp.c:278:13:HAL_FMC_MspInit	224	static
../Core/Src/stm32h7xx_hal_msp.c:405:6:HAL_SRAM_MspInit	16	static
../Core/Src/stm32h7xx_hal_msp.c:414:6:HAL_SDRAM_MspInit	16	static
../Core/Src/stm32h7xx_hal_msp.c:426:13:HAL_FMC_MspDeInit	8	static
../Core/Src/stm32h7xx_hal_msp.c:501:6:HAL_SRAM_MspDeInit	16	static
../Core/Src/stm32h7xx_hal_msp.c:511:6:HAL_SDRAM_MspDeInit	16	static
