../DISPLAY/HARDWARE/24CXX/24cxx.c:80:6:AT24CXX_Init	8	static
../DISPLAY/HARDWARE/24CXX/24cxx.c:92:4:AT24CXX_ReadOneByte	24	static
../DISPLAY/HARDWARE/24CXX/24cxx.c:121:6:AT24CXX_WriteOneByte	16	static
../DISPLAY/HARDWARE/24CXX/24cxx.c:149:6:AT24CXX_WriteLenByte	24	static
../DISPLAY/HARDWARE/24CXX/24cxx.c:168:5:AT24CXX_ReadLenByte	24	static
../DISPLAY/HARDWARE/24CXX/24cxx.c:190:4:AT24CXX_Check	16	static
../DISPLAY/HARDWARE/24CXX/24cxx.c:214:6:AT24CXX_Read	24	static
../DISPLAY/HARDWARE/24CXX/24cxx.c:233:6:AT24CXX_Write	16	static
